------------------------------------------------------------
Timing Analyzer Summary
------------------------------------------------------------

Type  : Slow 1100mV 85C Model Setup 'mouse:MOUSE|PS2_Controller:PS2C|Altera_UP_PS2_Data_In:PS2_Data_In|received_data_en'
Slack : -4.235
TNS   : -78.622

Type  : Slow 1100mV 85C Model Setup 'CLOCK_50'
Slack : -3.867
TNS   : -88.412

Type  : Slow 1100mV 85C Model Setup 'VGA|mypll|altpll_component|auto_generated|generic_pll1~PLL_OUTPUT_COUNTER|divclk'
Slack : 28.655
TNS   : 0.000

Type  : Slow 1100mV 85C Model Hold 'CLOCK_50'
Slack : 0.337
TNS   : 0.000

Type  : Slow 1100mV 85C Model Hold 'VGA|mypll|altpll_component|auto_generated|generic_pll1~PLL_OUTPUT_COUNTER|divclk'
Slack : 0.436
TNS   : 0.000

Type  : Slow 1100mV 85C Model Hold 'mouse:MOUSE|PS2_Controller:PS2C|Altera_UP_PS2_Data_In:PS2_Data_In|received_data_en'
Slack : 2.635
TNS   : 0.000

Type  : Slow 1100mV 85C Model Minimum Pulse Width 'mouse:MOUSE|PS2_Controller:PS2C|Altera_UP_PS2_Data_In:PS2_Data_In|received_data_en'
Slack : 0.336
TNS   : 0.000

Type  : Slow 1100mV 85C Model Minimum Pulse Width 'VGA|mypll|altpll_component|auto_generated|generic_pll1~FRACTIONAL_PLL|vcoph[0]'
Slack : 1.666
TNS   : 0.000

Type  : Slow 1100mV 85C Model Minimum Pulse Width 'CLOCK_50'
Slack : 8.853
TNS   : 0.000

Type  : Slow 1100mV 85C Model Minimum Pulse Width 'VGA|mypll|altpll_component|auto_generated|generic_pll1~PLL_OUTPUT_COUNTER|divclk'
Slack : 18.751
TNS   : 0.000

Type  : Slow 1100mV 0C Model Setup 'mouse:MOUSE|PS2_Controller:PS2C|Altera_UP_PS2_Data_In:PS2_Data_In|received_data_en'
Slack : -4.320
TNS   : -80.251

Type  : Slow 1100mV 0C Model Setup 'CLOCK_50'
Slack : -3.669
TNS   : -83.360

Type  : Slow 1100mV 0C Model Setup 'VGA|mypll|altpll_component|auto_generated|generic_pll1~PLL_OUTPUT_COUNTER|divclk'
Slack : 29.230
TNS   : 0.000

Type  : Slow 1100mV 0C Model Hold 'CLOCK_50'
Slack : 0.333
TNS   : 0.000

Type  : Slow 1100mV 0C Model Hold 'VGA|mypll|altpll_component|auto_generated|generic_pll1~PLL_OUTPUT_COUNTER|divclk'
Slack : 0.419
TNS   : 0.000

Type  : Slow 1100mV 0C Model Hold 'mouse:MOUSE|PS2_Controller:PS2C|Altera_UP_PS2_Data_In:PS2_Data_In|received_data_en'
Slack : 2.681
TNS   : 0.000

Type  : Slow 1100mV 0C Model Minimum Pulse Width 'mouse:MOUSE|PS2_Controller:PS2C|Altera_UP_PS2_Data_In:PS2_Data_In|received_data_en'
Slack : 0.302
TNS   : 0.000

Type  : Slow 1100mV 0C Model Minimum Pulse Width 'VGA|mypll|altpll_component|auto_generated|generic_pll1~FRACTIONAL_PLL|vcoph[0]'
Slack : 1.666
TNS   : 0.000

Type  : Slow 1100mV 0C Model Minimum Pulse Width 'CLOCK_50'
Slack : 8.813
TNS   : 0.000

Type  : Slow 1100mV 0C Model Minimum Pulse Width 'VGA|mypll|altpll_component|auto_generated|generic_pll1~PLL_OUTPUT_COUNTER|divclk'
Slack : 18.732
TNS   : 0.000

Type  : Fast 1100mV 85C Model Setup 'CLOCK_50'
Slack : -2.854
TNS   : -62.155

Type  : Fast 1100mV 85C Model Setup 'mouse:MOUSE|PS2_Controller:PS2C|Altera_UP_PS2_Data_In:PS2_Data_In|received_data_en'
Slack : -2.159
TNS   : -38.547

Type  : Fast 1100mV 85C Model Setup 'VGA|mypll|altpll_component|auto_generated|generic_pll1~PLL_OUTPUT_COUNTER|divclk'
Slack : 31.750
TNS   : 0.000

Type  : Fast 1100mV 85C Model Hold 'CLOCK_50'
Slack : 0.177
TNS   : 0.000

Type  : Fast 1100mV 85C Model Hold 'VGA|mypll|altpll_component|auto_generated|generic_pll1~PLL_OUTPUT_COUNTER|divclk'
Slack : 0.250
TNS   : 0.000

Type  : Fast 1100mV 85C Model Hold 'mouse:MOUSE|PS2_Controller:PS2C|Altera_UP_PS2_Data_In:PS2_Data_In|received_data_en'
Slack : 1.645
TNS   : 0.000

Type  : Fast 1100mV 85C Model Minimum Pulse Width 'mouse:MOUSE|PS2_Controller:PS2C|Altera_UP_PS2_Data_In:PS2_Data_In|received_data_en'
Slack : 0.382
TNS   : 0.000

Type  : Fast 1100mV 85C Model Minimum Pulse Width 'VGA|mypll|altpll_component|auto_generated|generic_pll1~FRACTIONAL_PLL|vcoph[0]'
Slack : 1.666
TNS   : 0.000

Type  : Fast 1100mV 85C Model Minimum Pulse Width 'CLOCK_50'
Slack : 8.806
TNS   : 0.000

Type  : Fast 1100mV 85C Model Minimum Pulse Width 'VGA|mypll|altpll_component|auto_generated|generic_pll1~PLL_OUTPUT_COUNTER|divclk'
Slack : 18.875
TNS   : 0.000

Type  : Fast 1100mV 0C Model Setup 'CLOCK_50'
Slack : -2.210
TNS   : -48.718

Type  : Fast 1100mV 0C Model Setup 'mouse:MOUSE|PS2_Controller:PS2C|Altera_UP_PS2_Data_In:PS2_Data_In|received_data_en'
Slack : -2.084
TNS   : -37.499

Type  : Fast 1100mV 0C Model Setup 'VGA|mypll|altpll_component|auto_generated|generic_pll1~PLL_OUTPUT_COUNTER|divclk'
Slack : 32.874
TNS   : 0.000

Type  : Fast 1100mV 0C Model Hold 'CLOCK_50'
Slack : 0.167
TNS   : 0.000

Type  : Fast 1100mV 0C Model Hold 'VGA|mypll|altpll_component|auto_generated|generic_pll1~PLL_OUTPUT_COUNTER|divclk'
Slack : 0.233
TNS   : 0.000

Type  : Fast 1100mV 0C Model Hold 'mouse:MOUSE|PS2_Controller:PS2C|Altera_UP_PS2_Data_In:PS2_Data_In|received_data_en'
Slack : 1.648
TNS   : 0.000

Type  : Fast 1100mV 0C Model Minimum Pulse Width 'mouse:MOUSE|PS2_Controller:PS2C|Altera_UP_PS2_Data_In:PS2_Data_In|received_data_en'
Slack : 0.393
TNS   : 0.000

Type  : Fast 1100mV 0C Model Minimum Pulse Width 'VGA|mypll|altpll_component|auto_generated|generic_pll1~FRACTIONAL_PLL|vcoph[0]'
Slack : 1.666
TNS   : 0.000

Type  : Fast 1100mV 0C Model Minimum Pulse Width 'CLOCK_50'
Slack : 8.800
TNS   : 0.000

Type  : Fast 1100mV 0C Model Minimum Pulse Width 'VGA|mypll|altpll_component|auto_generated|generic_pll1~PLL_OUTPUT_COUNTER|divclk'
Slack : 18.879
TNS   : 0.000

------------------------------------------------------------
